****************************************************************************
***                            Sentaurus Mesh                            ***
***                          Version V-2023.12                           ***
***                      (2.8515123, x86_64, Linux)                      ***
***                                                                      ***
***                       Copyright (C) 2005-2023                        ***
***                            Synopsys, Inc.                            ***
***                                                                      ***
***  This software and the associated documentation are confidential     ***
***  and proprietary to Synopsys, Inc.  Your use or disclosure of this   ***
***  software is subject to the terms and conditions of a written        ***
***  license agreement between you, or your company, and Synopsys, Inc.  ***
****************************************************************************

Compiled Mon Oct 30 07:17:56 PDT 2023 on: sce-tcad-build01
Running on: cdsl29.cdsl.iitbbs.ac.in
Hardware type: x86_64
OS name: Linux
OS release: 5.14.0-503.11.1.el9_5.x86_64
OS version: #1 SMP PREEMPT_DYNAMIC Mon Sep 30 11:54:45 EDT 2024
Process ID: 528088

Flags used:

** Generating 2d grid **

Creating binary tree...done.
Imprinting binary tree on the boundary...done.
Optimizing boundary nodes...done.

Number of vertices after binary tree generation : 
  5374 (tree) + 520 (boundary)

** Delaunizing the mesh **

Creating delaunizer input...done.
Solving edges...done 
Optimizing elements...done. (5302 vertices)
Fixing diagonals...done.

The final mesh has: 
    5214 points.
   10184 elements.
      12 regions.
Max. connectivity = 8 located at (-0.0432813;0.0742188)


==============================  tri-grid quality  ================================
    0  10  20  30  40  50  60  70  80  90 100 110 120 130 140 150 160 170 180
 %    1   1   4   7  21  21   8   4   1  33  .   .   .   .   .             
---------------------------------------------------------------------------------
minAngle: 2.00453  maxAngle: 138.434
nVerts = 5214  nTris = 10184  nMats = 9
max connectivity (tris per node): 8 [near (-0.0432813 0.0742188)]
bmin: -0.07 -0
bmax: 0.5 0.25
min edgeLength: 0.000136719  [near (6.83594e-05 0.09375)]
min volume: 3.20435e-08  max volume: 0.000556641  Total volume: 0.133498
bbox  volume: 0.1425
Are all boundaries on bbox? false
=================================================================================

Smallest region: R.GateOx  Total volume: 0.0003308
Interpolating data...done.
Saving file n1_msh.tdr...done.

===============================  Timer Report===================================
              Total Mesh Generation Time:     0.146s       100%
                       Rate of #Vertices:  3.57e+04
                          Rate of #Edges:  7.35e+04
                          Rate of #Faces:  6.98e+04
                       Rate of #Elements:         0

                            Time Covered:         0s         0%

