
****************************************************************************
***                       Sentaurus Workbench spp                        ***
***                          Version V-2023.12                           ***
***                      (2.8515123, x86_64, Linux)                      ***
***                                                                      ***
***                Copyright (c) 1994-2023 Synopsys, Inc.                ***
***                                                                      ***
***  This software and the associated documentation are confidential     ***
***  and proprietary to Synopsys, Inc.  Your use or disclosure of this   ***
***  software is subject to the terms and conditions of a written        ***
***  license agreement between you, or your company, and Synopsys, Inc.  ***
****************************************************************************

spp is running on host 'cdsl29.cdsl.iitbbs.ac.in' by user 'cdsllab'
Binary: '/cad/synopsys/sentaurus/V-2023.12/tcad/current/linux64/bin/spp'
Command line options: '-verbose -i -e 3 /home/cdsllab/Sarthak_Shantaneel/mosfet_copy'
Project organization 'Traditional'
Some relevant environment variables:
	STROOT=/cad/synopsys/sentaurus/V-2023.12
	STRELEASE=current
	STROOT_LIB=/cad/synopsys/sentaurus/V-2023.12/tcad/current/lib
	STDB=/home/cdsllab
	DATEX=/cad/synopsys/sentaurus/V-2023.12/tcad/current/lib/datexcodes.txt
	DISPLAY=localhost:10.0

Preprocessing project '/home/cdsllab/Sarthak_Shantaneel/mosfet_copy'
Application mode : traditional
spp will run in Global-per-node mode
INITIALIZING PREPROCESSOR:
Loading project tree '/home/cdsllab/Sarthak_Shantaneel/mosfet_copy/gtree.dat'
Loading project variables '/home/cdsllab/Sarthak_Shantaneel/mosfet_copy/gvars.dat'
--Get files to preprocess...
  -->/home/cdsllab/Sarthak_Shantaneel/mosfet_copy/MOSFET_dvs.cmd
  -->/home/cdsllab/Sarthak_Shantaneel/mosfet_copy/sdevice1_des.cmd
  -->/home/cdsllab/Sarthak_Shantaneel/mosfet_copy/sdevice.par
  -->/home/cdsllab/Sarthak_Shantaneel/mosfet_copy/sdevice2_des.cmd
  -->/home/cdsllab/Sarthak_Shantaneel/mosfet_copy/sdevice_des.cmd
--Create file handlers...
--Read the toolflow...
--Analyze tool-file dependencies...
--Read all nodes to preprocess...
--Group nodes into experiments...
--Get all variables...
--Get all parameters...
PREPROCESSOR SUCCESSFULLY INITIALIZED.
PREPROCESSING STEP 1:
Reading file /home/cdsllab/Sarthak_Shantaneel/mosfet_copy/MOSFET_dvs.cmd
Reading file /home/cdsllab/Sarthak_Shantaneel/mosfet_copy/sdevice1_des.cmd
Reading file /home/cdsllab/Sarthak_Shantaneel/mosfet_copy/sdevice.par
Reading file /home/cdsllab/Sarthak_Shantaneel/mosfet_copy/sdevice2_des.cmd
Reading file /home/cdsllab/Sarthak_Shantaneel/mosfet_copy/sdevice_des.cmd
PREPROCESSING STEP 2:
---------------------------------------
Preprocessing file /home/cdsllab/Sarthak_Shantaneel/mosfet_copy/sdevice1_des.cmd for node 3
'@tdr@' creates dependences with the node(s) '1'
  -Parameter substitution: '@tdr@' has been replaced by 'n1_msh.tdr'

  -Parameter substitution: '@tdrdat@' has been replaced by 'n3_des.tdr'

  -Parameter substitution: '@plot@' has been replaced by 'n3_des.plt'

  -Parameter substitution: '@log@' has been replaced by 'n3_des.log'

  -Parameter substitution: '@parameter@' has been replaced by 'pp3_des.par'

  -Expression evaluation: '@<1*1e-5/abs(3	)>@' has been replaced by '3.33333333333e-06'

  -Expression evaluation: '@<1*1e-14>@' has been replaced by '1e-14'

  -Expression evaluation: '@<1*0.01>@' has been replaced by '0.01'

  -Parameter substitution: '@node@' has been replaced by '3'

---------------------------------------
Preprocessing file /home/cdsllab/Sarthak_Shantaneel/mosfet_copy/sdevice.par for node 3
pre scanning file ./PolySilicon.par
pre scanning file ./Nitride.par
pre scanning file ./SiO2.par
pre scanning file ./Silicide.par
pre scanning file ./Silicon.par
+++Preprocessed file written to /home/cdsllab/Sarthak_Shantaneel/mosfet_copy/pp3_des.par
  -Parameter substitution: '@commands@' has been replaced by 'pp3_des.cmd'

cmd_line:pp3_des.cmd
  -Parameter substitution: '@stdout@' has been replaced by 'n3_des.out'

  -Parameter substitution: '@node@' has been replaced by '3'

post_tcl_cmd: extract_vars "$nodedir" n3_des.out 3 
The node '3' has dependencies to the node(s) '1'
Writing 'gexec.cmd'
PREPROCESSING FINISHED, Sun Sep  6 06:27:15 2026
STATUS: Ok
Processing time = 0 s

