###########################################
# Sentaurus Visual V-2023.12.
# Tcl log file.
#------------------------------------------
# Date: Sep 07, 2026. 16:51:07.
# Version: 35.2.8515123 (2.8515123)
# Mode: Interactive (GUI).
# Hostname: cdsl29.cdsl.iitbbs.ac.in.
# Machine: Linux, x86_64, x86_64.
# Kernel: 5.14.0-503.11.1.el9_5.x86_64.
###########################################

load_file /home/cdsllab/Sarthak_Shantaneel/mosfet_copy/IdVg_n3_des.plt
create_plot -1d
select_plots {Plot_1}
#-> Plot_1
#-> Plot_1
#-> IdVg_n3_des
create_curve -axisX {gate OuterVoltage} -axisY {drain TotalCurrent} -dataset {IdVg_n3_des} -plot Plot_1
#-> Curve_1
set_curve_prop {Curve_1} -plot Plot_1 -label "drain TotalCurrent(noEnormal)"
#-> 0
set_curve_prop {Curve_1} -plot Plot_1 -label "drain TotalCurrent(noEnormal)"
#-> 0
load_file /home/cdsllab/Sarthak_Shantaneel/mosfet_copy/IdVg_n3_des.plt
#-> IdVg_n3_des_2
create_curve -axisX {gate OuterVoltage} -axisY {drain TotalCurrent} -dataset {IdVg_n3_des_2} -plot Plot_1
#-> Curve_2
set_curve_prop {Curve_2} -plot Plot_1 -label "drain TotalCurrent(no)"
#-> 0
set_curve_prop {Curve_2} -plot Plot_1 -label "drain TotalCurrent(noHFS)"
#-> 0
set_curve_prop {Curve_2} -plot Plot_1 -label "drain TotalCurrent(noHFS)"
#-> 0
load_file /home/cdsllab/Sarthak_Shantaneel/mosfet_copy/IdVg_n3_des.plt
#-> IdVg_n3_des_3
create_curve -axisX {gate OuterVoltage} -axisY {drain TotalCurrent} -dataset {IdVg_n3_des_3} -plot Plot_1
#-> Curve_3
set_curve_prop {Curve_3} -plot Plot_1 -label "drain TotalCurrent(normal)"
#-> 0
set_curve_prop {Curve_3} -plot Plot_1 -label "drain TotalCurrent(normal)"
#-> 0
export_view /home/cdsllab/Sarthak_Shantaneel/mosfet_copy/E7.png -plots {Plot_1} -format png
#-> 0
exit 0
 
